
Merging program properties

Removed property 0xc0010001 to merge /home/steven/SKOS/src/build/main.o (0x1) and /home/steven/SKOS/src/build/kernel.o (not found)
Removed property 0xc0010002 to merge /home/steven/SKOS/src/build/main.o (0x0) and /home/steven/SKOS/src/build/kernel.o (not found)
Removed property 0xc0010001 to merge /home/steven/SKOS/src/build/main.o (not found) and /home/steven/SKOS/src/build/debug.o (0x1)
Removed property 0xc0010002 to merge /home/steven/SKOS/src/build/main.o (not found) and /home/steven/SKOS/src/build/debug.o (0x0)
Removed property 0xc0010001 to merge /home/steven/SKOS/src/build/main.o (not found) and /home/steven/SKOS/src/build/memory.o (0x1)
Removed property 0xc0010002 to merge /home/steven/SKOS/src/build/main.o (not found) and /home/steven/SKOS/src/build/memory.o (0x0)
Removed property 0xc0010001 to merge /home/steven/SKOS/src/build/main.o (not found) and /home/steven/SKOS/src/build/bitmap.o (0x1)
Removed property 0xc0010002 to merge /home/steven/SKOS/src/build/main.o (not found) and /home/steven/SKOS/src/build/bitmap.o (0x0)
Removed property 0xc0010001 to merge /home/steven/SKOS/src/build/main.o (not found) and /home/steven/SKOS/src/build/string.o (0x1)
Removed property 0xc0010002 to merge /home/steven/SKOS/src/build/main.o (not found) and /home/steven/SKOS/src/build/string.o (0x0)
Removed property 0xc0010001 to merge /home/steven/SKOS/src/build/main.o (not found) and /home/steven/SKOS/src/build/thread.o (0x1)
Removed property 0xc0010002 to merge /home/steven/SKOS/src/build/main.o (not found) and /home/steven/SKOS/src/build/thread.o (0x0)
Removed property 0xc0010001 to merge /home/steven/SKOS/src/build/main.o (not found) and /home/steven/SKOS/src/build/list.o (0x1)
Removed property 0xc0010002 to merge /home/steven/SKOS/src/build/main.o (not found) and /home/steven/SKOS/src/build/list.o (0x0)
Removed property 0xc0010001 to merge /home/steven/SKOS/src/build/main.o (not found) and /home/steven/SKOS/src/build/sync.o (0x1)
Removed property 0xc0010002 to merge /home/steven/SKOS/src/build/main.o (not found) and /home/steven/SKOS/src/build/sync.o (0x0)
Removed property 0xc0010001 to merge /home/steven/SKOS/src/build/main.o (not found) and /home/steven/SKOS/src/build/console.o (0x1)
Removed property 0xc0010002 to merge /home/steven/SKOS/src/build/main.o (not found) and /home/steven/SKOS/src/build/console.o (0x0)
Removed property 0xc0010001 to merge /home/steven/SKOS/src/build/main.o (not found) and /home/steven/SKOS/src/build/keyboard.o (0x1)
Removed property 0xc0010002 to merge /home/steven/SKOS/src/build/main.o (not found) and /home/steven/SKOS/src/build/keyboard.o (0x0)
Removed property 0xc0010001 to merge /home/steven/SKOS/src/build/main.o (not found) and /home/steven/SKOS/src/build/ioqueue.o (0x1)
Removed property 0xc0010002 to merge /home/steven/SKOS/src/build/main.o (not found) and /home/steven/SKOS/src/build/ioqueue.o (0x0)
Removed property 0xc0010001 to merge /home/steven/SKOS/src/build/main.o (not found) and /home/steven/SKOS/src/build/tss.o (0x1)
Removed property 0xc0010002 to merge /home/steven/SKOS/src/build/main.o (not found) and /home/steven/SKOS/src/build/tss.o (0x0)
Removed property 0xc0010001 to merge /home/steven/SKOS/src/build/main.o (not found) and /home/steven/SKOS/src/build/process.o (0x1)
Removed property 0xc0010002 to merge /home/steven/SKOS/src/build/main.o (not found) and /home/steven/SKOS/src/build/process.o (0x0)
Removed property 0xc0010001 to merge /home/steven/SKOS/src/build/main.o (not found) and /home/steven/SKOS/src/build/syscall.o (0x1)
Removed property 0xc0010002 to merge /home/steven/SKOS/src/build/main.o (not found) and /home/steven/SKOS/src/build/syscall.o (0x0)
Removed property 0xc0010001 to merge /home/steven/SKOS/src/build/main.o (not found) and /home/steven/SKOS/src/build/syscall-init.o (0x1)
Removed property 0xc0010002 to merge /home/steven/SKOS/src/build/main.o (not found) and /home/steven/SKOS/src/build/syscall-init.o (0x0)
Removed property 0xc0010001 to merge /home/steven/SKOS/src/build/main.o (not found) and /home/steven/SKOS/src/build/stdio.o (0x1)
Removed property 0xc0010002 to merge /home/steven/SKOS/src/build/main.o (not found) and /home/steven/SKOS/src/build/stdio.o (0x0)
Removed property 0xc0010001 to merge /home/steven/SKOS/src/build/main.o (not found) and /home/steven/SKOS/src/build/stdio-kernel.o (0x1)
Removed property 0xc0010002 to merge /home/steven/SKOS/src/build/main.o (not found) and /home/steven/SKOS/src/build/stdio-kernel.o (0x0)
Removed property 0xc0010001 to merge /home/steven/SKOS/src/build/main.o (not found) and /home/steven/SKOS/src/build/ide.o (0x1)
Removed property 0xc0010002 to merge /home/steven/SKOS/src/build/main.o (not found) and /home/steven/SKOS/src/build/ide.o (0x0)
Removed property 0xc0010001 to merge /home/steven/SKOS/src/build/main.o (not found) and /home/steven/SKOS/src/build/fs.o (0x1)
Removed property 0xc0010002 to merge /home/steven/SKOS/src/build/main.o (not found) and /home/steven/SKOS/src/build/fs.o (0x0)
Removed property 0xc0010001 to merge /home/steven/SKOS/src/build/main.o (not found) and /home/steven/SKOS/src/build/dir.o (0x1)
Removed property 0xc0010002 to merge /home/steven/SKOS/src/build/main.o (not found) and /home/steven/SKOS/src/build/dir.o (0x0)
Removed property 0xc0010001 to merge /home/steven/SKOS/src/build/main.o (not found) and /home/steven/SKOS/src/build/file.o (0x1)
Removed property 0xc0010002 to merge /home/steven/SKOS/src/build/main.o (not found) and /home/steven/SKOS/src/build/file.o (0x0)
Removed property 0xc0010001 to merge /home/steven/SKOS/src/build/main.o (not found) and /home/steven/SKOS/src/build/inode.o (0x1)
Removed property 0xc0010002 to merge /home/steven/SKOS/src/build/main.o (not found) and /home/steven/SKOS/src/build/inode.o (0x0)
Removed property 0xc0010001 to merge /home/steven/SKOS/src/build/main.o (not found) and /home/steven/SKOS/src/build/fork.o (0x1)
Removed property 0xc0010002 to merge /home/steven/SKOS/src/build/main.o (not found) and /home/steven/SKOS/src/build/fork.o (0x0)
Removed property 0xc0010001 to merge /home/steven/SKOS/src/build/main.o (not found) and /home/steven/SKOS/src/build/shell.o (0x1)
Removed property 0xc0010002 to merge /home/steven/SKOS/src/build/main.o (not found) and /home/steven/SKOS/src/build/shell.o (0x0)
Removed property 0xc0010001 to merge /home/steven/SKOS/src/build/main.o (not found) and /home/steven/SKOS/src/build/assert.o (0x1)
Removed property 0xc0010002 to merge /home/steven/SKOS/src/build/main.o (not found) and /home/steven/SKOS/src/build/assert.o (0x0)
Removed property 0xc0010001 to merge /home/steven/SKOS/src/build/main.o (not found) and /home/steven/SKOS/src/build/buildin_cmd.o (0x1)
Removed property 0xc0010002 to merge /home/steven/SKOS/src/build/main.o (not found) and /home/steven/SKOS/src/build/buildin_cmd.o (0x0)
Removed property 0xc0010001 to merge /home/steven/SKOS/src/build/main.o (not found) and /home/steven/SKOS/src/build/exec.o (0x1)
Removed property 0xc0010002 to merge /home/steven/SKOS/src/build/main.o (not found) and /home/steven/SKOS/src/build/exec.o (0x0)
Removed property 0xc0010001 to merge /home/steven/SKOS/src/build/main.o (not found) and /home/steven/SKOS/src/build/wait_exit.o (0x1)
Removed property 0xc0010002 to merge /home/steven/SKOS/src/build/main.o (not found) and /home/steven/SKOS/src/build/wait_exit.o (0x0)
Removed property 0xc0010001 to merge /home/steven/SKOS/src/build/main.o (not found) and /home/steven/SKOS/src/build/pipe.o (0x1)
Removed property 0xc0010002 to merge /home/steven/SKOS/src/build/main.o (not found) and /home/steven/SKOS/src/build/pipe.o (0x0)

Discarded input sections

 .note.GNU-stack
                0x00000000        0x0 /home/steven/SKOS/src/build/main.o
 .note.gnu.property
                0x00000000       0x28 /home/steven/SKOS/src/build/main.o
 .note.GNU-stack
                0x00000000        0x0 /home/steven/SKOS/src/build/init.o
 .note.gnu.property
                0x00000000       0x28 /home/steven/SKOS/src/build/init.o
 .note.GNU-stack
                0x00000000        0x0 /home/steven/SKOS/src/build/interrupt.o
 .note.gnu.property
                0x00000000       0x28 /home/steven/SKOS/src/build/interrupt.o
 .note.GNU-stack
                0x00000000        0x0 /home/steven/SKOS/src/build/timer.o
 .note.gnu.property
                0x00000000       0x28 /home/steven/SKOS/src/build/timer.o
 .note.GNU-stack
                0x00000000        0x0 /home/steven/SKOS/src/build/debug.o
 .note.gnu.property
                0x00000000       0x28 /home/steven/SKOS/src/build/debug.o
 .note.GNU-stack
                0x00000000        0x0 /home/steven/SKOS/src/build/memory.o
 .note.gnu.property
                0x00000000       0x28 /home/steven/SKOS/src/build/memory.o
 .note.GNU-stack
                0x00000000        0x0 /home/steven/SKOS/src/build/bitmap.o
 .note.gnu.property
                0x00000000       0x28 /home/steven/SKOS/src/build/bitmap.o
 .note.GNU-stack
                0x00000000        0x0 /home/steven/SKOS/src/build/string.o
 .note.gnu.property
                0x00000000       0x28 /home/steven/SKOS/src/build/string.o
 .note.GNU-stack
                0x00000000        0x0 /home/steven/SKOS/src/build/thread.o
 .note.gnu.property
                0x00000000       0x28 /home/steven/SKOS/src/build/thread.o
 .note.GNU-stack
                0x00000000        0x0 /home/steven/SKOS/src/build/list.o
 .note.gnu.property
                0x00000000       0x28 /home/steven/SKOS/src/build/list.o
 .note.GNU-stack
                0x00000000        0x0 /home/steven/SKOS/src/build/sync.o
 .note.gnu.property
                0x00000000       0x28 /home/steven/SKOS/src/build/sync.o
 .note.GNU-stack
                0x00000000        0x0 /home/steven/SKOS/src/build/console.o
 .note.gnu.property
                0x00000000       0x28 /home/steven/SKOS/src/build/console.o
 .note.GNU-stack
                0x00000000        0x0 /home/steven/SKOS/src/build/keyboard.o
 .note.gnu.property
                0x00000000       0x28 /home/steven/SKOS/src/build/keyboard.o
 .note.GNU-stack
                0x00000000        0x0 /home/steven/SKOS/src/build/ioqueue.o
 .note.gnu.property
                0x00000000       0x28 /home/steven/SKOS/src/build/ioqueue.o
 .note.GNU-stack
                0x00000000        0x0 /home/steven/SKOS/src/build/tss.o
 .note.gnu.property
                0x00000000       0x28 /home/steven/SKOS/src/build/tss.o
 .note.GNU-stack
                0x00000000        0x0 /home/steven/SKOS/src/build/process.o
 .note.gnu.property
                0x00000000       0x28 /home/steven/SKOS/src/build/process.o
 .note.GNU-stack
                0x00000000        0x0 /home/steven/SKOS/src/build/syscall.o
 .note.gnu.property
                0x00000000       0x28 /home/steven/SKOS/src/build/syscall.o
 .note.GNU-stack
                0x00000000        0x0 /home/steven/SKOS/src/build/syscall-init.o
 .note.gnu.property
                0x00000000       0x28 /home/steven/SKOS/src/build/syscall-init.o
 .note.GNU-stack
                0x00000000        0x0 /home/steven/SKOS/src/build/stdio.o
 .note.gnu.property
                0x00000000       0x28 /home/steven/SKOS/src/build/stdio.o
 .note.GNU-stack
                0x00000000        0x0 /home/steven/SKOS/src/build/stdio-kernel.o
 .note.gnu.property
                0x00000000       0x28 /home/steven/SKOS/src/build/stdio-kernel.o
 .note.GNU-stack
                0x00000000        0x0 /home/steven/SKOS/src/build/ide.o
 .note.gnu.property
                0x00000000       0x28 /home/steven/SKOS/src/build/ide.o
 .note.GNU-stack
                0x00000000        0x0 /home/steven/SKOS/src/build/fs.o
 .note.gnu.property
                0x00000000       0x28 /home/steven/SKOS/src/build/fs.o
 .note.GNU-stack
                0x00000000        0x0 /home/steven/SKOS/src/build/dir.o
 .note.gnu.property
                0x00000000       0x28 /home/steven/SKOS/src/build/dir.o
 .note.GNU-stack
                0x00000000        0x0 /home/steven/SKOS/src/build/file.o
 .note.gnu.property
                0x00000000       0x28 /home/steven/SKOS/src/build/file.o
 .note.GNU-stack
                0x00000000        0x0 /home/steven/SKOS/src/build/inode.o
 .note.gnu.property
                0x00000000       0x28 /home/steven/SKOS/src/build/inode.o
 .note.GNU-stack
                0x00000000        0x0 /home/steven/SKOS/src/build/fork.o
 .note.gnu.property
                0x00000000       0x28 /home/steven/SKOS/src/build/fork.o
 .note.GNU-stack
                0x00000000        0x0 /home/steven/SKOS/src/build/shell.o
 .note.gnu.property
                0x00000000       0x28 /home/steven/SKOS/src/build/shell.o
 .note.GNU-stack
                0x00000000        0x0 /home/steven/SKOS/src/build/assert.o
 .note.gnu.property
                0x00000000       0x28 /home/steven/SKOS/src/build/assert.o
 .note.GNU-stack
                0x00000000        0x0 /home/steven/SKOS/src/build/buildin_cmd.o
 .note.gnu.property
                0x00000000       0x28 /home/steven/SKOS/src/build/buildin_cmd.o
 .note.GNU-stack
                0x00000000        0x0 /home/steven/SKOS/src/build/exec.o
 .note.gnu.property
                0x00000000       0x28 /home/steven/SKOS/src/build/exec.o
 .note.GNU-stack
                0x00000000        0x0 /home/steven/SKOS/src/build/wait_exit.o
 .note.gnu.property
                0x00000000       0x28 /home/steven/SKOS/src/build/wait_exit.o
 .note.GNU-stack
                0x00000000        0x0 /home/steven/SKOS/src/build/pipe.o
 .note.gnu.property
                0x00000000       0x28 /home/steven/SKOS/src/build/pipe.o

Memory Configuration

Name             Origin             Length             Attributes
*default*        0x00000000         0xffffffff

Linker script and memory map

Address of section .text set to 0xc0001500
LOAD /home/steven/SKOS/src/build/main.o
LOAD /home/steven/SKOS/src/build/init.o
LOAD /home/steven/SKOS/src/build/interrupt.o
LOAD /home/steven/SKOS/src/build/timer.o
LOAD /home/steven/SKOS/src/build/kernel.o
LOAD /home/steven/SKOS/src/build/print.o
LOAD /home/steven/SKOS/src/build/debug.o
LOAD /home/steven/SKOS/src/build/memory.o
LOAD /home/steven/SKOS/src/build/bitmap.o
LOAD /home/steven/SKOS/src/build/string.o
LOAD /home/steven/SKOS/src/build/thread.o
LOAD /home/steven/SKOS/src/build/list.o
LOAD /home/steven/SKOS/src/build/switch_to.o
LOAD /home/steven/SKOS/src/build/sync.o
LOAD /home/steven/SKOS/src/build/console.o
LOAD /home/steven/SKOS/src/build/keyboard.o
LOAD /home/steven/SKOS/src/build/ioqueue.o
LOAD /home/steven/SKOS/src/build/tss.o
LOAD /home/steven/SKOS/src/build/process.o
LOAD /home/steven/SKOS/src/build/syscall.o
LOAD /home/steven/SKOS/src/build/syscall-init.o
LOAD /home/steven/SKOS/src/build/stdio.o
LOAD /home/steven/SKOS/src/build/stdio-kernel.o
LOAD /home/steven/SKOS/src/build/ide.o
LOAD /home/steven/SKOS/src/build/fs.o
LOAD /home/steven/SKOS/src/build/dir.o
LOAD /home/steven/SKOS/src/build/file.o
LOAD /home/steven/SKOS/src/build/inode.o
LOAD /home/steven/SKOS/src/build/fork.o
LOAD /home/steven/SKOS/src/build/shell.o
LOAD /home/steven/SKOS/src/build/assert.o
LOAD /home/steven/SKOS/src/build/buildin_cmd.o
LOAD /home/steven/SKOS/src/build/exec.o
LOAD /home/steven/SKOS/src/build/wait_exit.o
LOAD /home/steven/SKOS/src/build/pipe.o
                [!provide]                        PROVIDE (__executable_start = SEGMENT_START ("text-segment", 0x8048000))
                0x080480d4                        . = (SEGMENT_START ("text-segment", 0x8048000) + SIZEOF_HEADERS)

.interp
 *(.interp)

.note.gnu.build-id
 *(.note.gnu.build-id)

.hash
 *(.hash)

.gnu.hash
 *(.gnu.hash)

.dynsym
 *(.dynsym)

.dynstr
 *(.dynstr)

.gnu.version
 *(.gnu.version)

.gnu.version_d
 *(.gnu.version_d)

.gnu.version_r
 *(.gnu.version_r)

.rel.dyn        0x080480d4        0x0
 *(.rel.init)
 *(.rel.text .rel.text.* .rel.gnu.linkonce.t.*)
 *(.rel.fini)
 *(.rel.rodata .rel.rodata.* .rel.gnu.linkonce.r.*)
 *(.rel.data.rel.ro .rel.data.rel.ro.* .rel.gnu.linkonce.d.rel.ro.*)
 *(.rel.data .rel.data.* .rel.gnu.linkonce.d.*)
 *(.rel.tdata .rel.tdata.* .rel.gnu.linkonce.td.*)
 *(.rel.tbss .rel.tbss.* .rel.gnu.linkonce.tb.*)
 *(.rel.ctors)
 *(.rel.dtors)
 *(.rel.got)
 .rel.got       0x080480d4        0x0 /home/steven/SKOS/src/build/main.o
 *(.rel.bss .rel.bss.* .rel.gnu.linkonce.b.*)
 *(.rel.ifunc)

.rel.plt        0x080480d4        0x0
 *(.rel.plt)
                [!provide]                        PROVIDE (__rel_iplt_start = .)
 *(.rel.iplt)
 .rel.iplt      0x080480d4        0x0 /home/steven/SKOS/src/build/main.o
                [!provide]                        PROVIDE (__rel_iplt_end = .)

.relr.dyn
 *(.relr.dyn)
                0x08049000                        . = ALIGN (CONSTANT (MAXPAGESIZE))

.init
 *(SORT_NONE(.init))

.plt            0x08049000        0x0
 *(.plt)
 *(.iplt)
 .iplt          0x08049000        0x0 /home/steven/SKOS/src/build/main.o

.plt.got
 *(.plt.got)

.plt.sec
 *(.plt.sec)

.text           0xc0001500     0xcc08
 *(.text.unlikely .text.*_unlikely .text.unlikely.*)
 *(.text.exit .text.exit.*)
 *(.text.startup .text.startup.*)
 *(.text.hot .text.hot.*)
 *(SORT_BY_NAME(.text.sorted.*))
 *(.text .stub .text.* .gnu.linkonce.t.*)
 .text          0xc0001500       0xa3 /home/steven/SKOS/src/build/main.o
                0xc0001500                main
                0xc0001540                init
 .text          0xc00015a3       0x50 /home/steven/SKOS/src/build/init.o
                0xc00015a3                init_all
 .text          0xc00015f3      0x45e /home/steven/SKOS/src/build/interrupt.o
                0xc0001955                intr_enable
                0xc000197b                intr_disable
                0xc00019a1                intr_set_status
                0xc00019bf                intr_get_status
                0xc00019dc                register_handler
                0xc00019f9                idt_init
 .text          0xc0001a51      0x4c5 /home/steven/SKOS/src/build/timer.o
                0xc0001c38                sys_date
                0xc0001e70                timer_init
                0xc0001ec8                mtime_sleep
 *fill*         0xc0001f16        0xa 
 .text          0xc0001f20      0x588 /home/steven/SKOS/src/build/kernel.o
                0xc0001f20                intr_exit
                0xc0002457                syscall_handler
                0xc000247b                page_fault
 *fill*         0xc00024a8        0x8 
 .text          0xc00024b0      0x1b1 /home/steven/SKOS/src/build/print.o
                0xc00024b0                put_str
                0xc00024ce                put_char
                0xc000259b                put_int
                0xc00025fe                set_cursor
                0xc0002622                cls_screen
 .text          0xc0002661       0xd7 /home/steven/SKOS/src/build/debug.o
                0xc0002661                panic_spin
 .text          0xc0002738     0x1497 /home/steven/SKOS/src/build/memory.o
                0xc000292f                mem_init
                0xc0002cff                get_a_page
                0xc0002e5f                get_a_page_without_opvaddrbitmap
                0xc0002eeb                free_a_phy_page
                0xc0002fc1                addr_v2p
                0xc00030c8                mfree_page
                0xc0003284                pte_ptr
                0xc00032b4                pde_ptr
                0xc00032d0                malloc_page
                0xc0003394                get_kernel_pages
                0xc00033ef                get_user_pages
                0xc0003444                block_desc_init
                0xc00034fe                sys_malloc
                0xc0003830                sys_free
                0xc0003a16                do_wp_page
                0xc0003afb                do_no_page
                0xc0003b01                full_childProcess_pageTable
                0xc0003b77                Debugmem
 .text          0xc0003bcf      0x23a /home/steven/SKOS/src/build/bitmap.o
                0xc0003bcf                bitmap_init
                0xc0003bf2                bitmap_scan_test
                0xc0003c30                bitmap_scan
                0xc0003d55                bitmap_set
 .text          0xc0003e09      0x3a7 /home/steven/SKOS/src/build/string.o
                0xc0003e09                memset
                0xc0003e5b                memcpy
                0xc0003ebb                memcmp
                0xc0003f38                strcpy
                0xc0003f8b                strlen
                0xc0003fcf                strcmp
                0xc000403c                strchr
                0xc0004091                strrchr
                0xc00040ec                strcat
                0xc0004152                strchrs
 .text          0xc00041b0      0xbb4 /home/steven/SKOS/src/build/thread.o
                0xc00041c8                running_thread
                0xc000429f                release_pid
                0xc00042f3                fork_pid
                0xc0004300                thread_create
                0xc0004377                init_thread
                0xc0004479                thread_start
                0xc00045d5                schedule
                0xc0004721                thread_block
                0xc0004784                thread_unblock
                0xc0004843                thread_yield
                0xc0004b69                sys_ps
                0xc0004baf                thread_exit
                0xc0004ca5                pid2thread
                0xc0004ce1                thread_init
 .text          0xc0004d64      0x1f6 /home/steven/SKOS/src/build/list.o
                0xc0004d64                list_init
                0xc0004d92                list_insert_before
                0xc0004dd7                list_push
                0xc0004df5                list_append
                0xc0004e13                list_remove
                0xc0004e4d                list_pop
                0xc0004e6f                elem_find
                0xc0004eb0                list_traversal
                0xc0004f0d                list_len
                0xc0004f41                list_empty
 *fill*         0xc0004f5a        0x6 
 .text          0xc0004f60       0x15 /home/steven/SKOS/src/build/switch_to.o
                0xc0004f60                switch_to
 .text          0xc0004f75      0x30a /home/steven/SKOS/src/build/sync.o
                0xc0004f75                sema_init
                0xc0004f9e                lock_init
                0xc0004fce                sema_down
                0xc00050c6                sema_up
                0xc0005172                lock_acquire
                0xc00051e7                lock_release
 .text          0xc000527f       0xb6 /home/steven/SKOS/src/build/console.o
                0xc000527f                console_init
                0xc0005298                console_acquire
                0xc00052b1                console_release
                0xc00052ca                console_put_str
                0xc00052eb                console_put_char
                0xc0005314                console_put_int
 .text          0xc0005335      0x2e2 /home/steven/SKOS/src/build/keyboard.o
                0xc00055cc                keyboard_init
 .text          0xc0005617      0x32d /home/steven/SKOS/src/build/ioqueue.o
                0xc0005617                ioqueue_init
                0xc0005672                ioq_full
                0xc0005789                ioq_getchar
                0xc000583e                ioq_putchar
                0xc00058f7                ioq_length
 .text          0xc0005944      0x183 /home/steven/SKOS/src/build/tss.o
                0xc0005944                update_tss_esp
                0xc00059bd                tss_init
 .text          0xc0005ac7      0x369 /home/steven/SKOS/src/build/process.o
                0xc0005ac7                start_process
                0xc0005bcc                page_dir_activate
                0xc0005c01                process_activate
                0xc0005c4f                create_page_dir
                0xc0005cc7                create_user_vaddr_bitmap
                0xc0005d11                process_execute
 .text          0xc0005e30      0x369 /home/steven/SKOS/src/build/syscall.o
                0xc0005e30                getpid
                0xc0005e45                write
                0xc0005e67                malloc
                0xc0005e85                free
                0xc0005ea1                fork
                0xc0005eb6                read
                0xc0005ed8                putchar
                0xc0005efa                clear
                0xc0005f0d                getcwd
                0xc0005f2e                open
                0xc0005f55                close
                0xc0005f73                lseek
                0xc0005f9b                unlink
                0xc0005fb9                mkdir
                0xc0005fd7                opendir
                0xc0005ff5                closedir
                0xc0006013                rmdir
                0xc0006031                readdir
                0xc000604f                rewinddir
                0xc000606b                stat
                0xc000608c                chdir
                0xc00060aa                ps
                0xc00060bd                execv
                0xc00060de                exit
                0xc00060fa                wait
                0xc0006118                getchar
                0xc0006136                pipe
                0xc0006154                fd_redirect
                0xc0006173                date
                0xc0006186                debug
 .text          0xc0006199      0x166 /home/steven/SKOS/src/build/syscall-init.o
                0xc0006199                sys_getpid
                0xc00061aa                syscall_init
 .text          0xc00062ff      0x35d /home/steven/SKOS/src/build/stdio.o
                0xc0006386                vsprintf
                0xc00064f6                printf
                0xc0006566                sprintf
                0xc0006632                get_char
 .text          0xc000665c       0x5c /home/steven/SKOS/src/build/stdio-kernel.o
                0xc000665c                printk
 .text          0xc00066b8      0xd84 /home/steven/SKOS/src/build/ide.o
                0xc0006a06                ide_read
                0xc0006b81                ide_write
                0xc0006cfc                intr_hd_handler
                0xc000720f                ide_init
 .text          0xc000743c     0x2198 /home/steven/SKOS/src/build/fs.o
                0xc0007a91                path_parse
                0xc0007ae9                path_depth_cnt
                0xc0007de6                sys_open
                0xc0008045                filesys_init
                0xc000825d                fd_local2global
                0xc00082a8                sys_close
                0xc00083a3                sys_write
                0xc00084e4                sys_read
                0xc0008619                sys_Iseek
                0xc0008708                sys_unlink
                0xc000892a                sys_mkdir
                0xc0008d42                sys_opendir
                0xc0008e56                sys_closedir
                0xc0008e83                sys_readdir
                0xc0008ebb                sys_rewinddir
                0xc0008ecb                sys_rmdir
                0xc000924f                sys_getcwd
                0xc000942d                sys_chdir
                0xc00094bf                sys_stat
 .text          0xc00095d4      0xe30 /home/steven/SKOS/src/build/dir.o
                0xc00095d4                open_root_dir
                0xc0009604                dir_open
                0xc0009642                dir_close
                0xc0009675                create_dir_entry
                0xc00096e4                search_dir_entry
                0xc00098b8                sync_dir_entry
                0xc0009cdd                delete_dir_entry
                0xc000a133                dir_read
                0xc000a310                dir_is_empty
                0xc000a33b                dir_remove
 .text          0xc000a404     0x11fd /home/steven/SKOS/src/build/file.o
                0xc000a404                get_free_slot_in_global
                0xc000a458                pcb_fd_install
                0xc000a4c2                inode_bitmap_alloc
                0xc000a509                block_bitmap_alloc
                0xc000a55b                file_create
                0xc000a85c                file_open
                0xc000a975                file_close
                0xc000a9b8                bitmap_sync
                0xc000aa5e                file_write
                0xc000b246                file_read
 .text          0xc000b601      0x70a /home/steven/SKOS/src/build/inode.o
                0xc000b69b                inode_sync
                0xc000b7c2                inode_open
                0xc000b908                inode_close
                0xc000b984                inode_init
                0xc000baea                inode_release
 .text          0xc000bd0b      0x5c8 /home/steven/SKOS/src/build/fork.o
                0xc000c1b2                sys_fork
 .text          0xc000c2d3      0x84a /home/steven/SKOS/src/build/shell.o
                0xc000c2d3                print_prompt
                0xc000c8b3                my_shell
                0xc000c976                wish
 .text          0xc000cb1d       0x25 /home/steven/SKOS/src/build/assert.o
                0xc000cb1d                user_spin
 .text          0xc000cb42      0xbe4 /home/steven/SKOS/src/build/buildin_cmd.o
                0xc000cca4                make_clear_abs_path
                0xc000cd5a                make_default_path
                0xc000cded                buildin_pwd
                0xc000ce4a                buildin_cd
                0xc000ced4                buildin_ps
                0xc000cef9                buildin_clear
                0xc000cf1e                buildin_mkdir
                0xc000cfb0                buildin_rmdir
                0xc000d042                buildin_rm
                0xc000d0d4                buildin_touch
                0xc000d16d                buildin_ls
                0xc000d4f0                buildin_echo
 .text          0xc000d726      0x35d /home/steven/SKOS/src/build/exec.o
                0xc000d9bc                sys_execv
 .text          0xc000da83      0x425 /home/steven/SKOS/src/build/wait_exit.o
                0xc000dd4b                sys_wait
                0xc000ddf6                sys_exit
 .text          0xc000dea8      0x260 /home/steven/SKOS/src/build/pipe.o
                0xc000dea8                sys_fd_redirect
                0xc000def1                is_pipe
                0xc000df28                sys_pipe
                0xc000dff7                pipe_read
                0xc000e07a                pipe_write
 *(.gnu.warning)

.fini
 *(SORT_NONE(.fini))
                [!provide]                        PROVIDE (__etext = .)
                [!provide]                        PROVIDE (_etext = .)
                [!provide]                        PROVIDE (etext = .)
                0xc000f000                        . = ALIGN (CONSTANT (MAXPAGESIZE))
                0xc000f000                        . = SEGMENT_START ("rodata-segment", (ALIGN (CONSTANT (MAXPAGESIZE)) + (. & (CONSTANT (MAXPAGESIZE) - 0x1))))

.rodata         0xc000f000     0x2e41
 *(.rodata .rodata.* .gnu.linkonce.r.*)
 .rodata        0xc000f000       0x8d /home/steven/SKOS/src/build/main.o
 .rodata        0xc000f08d        0xa /home/steven/SKOS/src/build/init.o
 *fill*         0xc000f097        0x1 
 .rodata        0xc000f098      0x2cd /home/steven/SKOS/src/build/interrupt.o
 *fill*         0xc000f365        0x3 
 .rodata        0xc000f368       0xc4 /home/steven/SKOS/src/build/timer.o
 .rodata        0xc000f42c       0x3f /home/steven/SKOS/src/build/debug.o
 *fill*         0xc000f46b        0x1 
 .rodata        0xc000f46c      0x44d /home/steven/SKOS/src/build/memory.o
 *fill*         0xc000f8b9        0x3 
 .rodata        0xc000f8bc       0x77 /home/steven/SKOS/src/build/bitmap.o
 *fill*         0xc000f933        0x1 
 .rodata        0xc000f934       0xdc /home/steven/SKOS/src/build/string.o
 .rodata        0xc000fa10      0x3bc /home/steven/SKOS/src/build/thread.o
 .rodata        0xc000fdcc      0x149 /home/steven/SKOS/src/build/sync.o
 .rodata        0xc000ff15       0x29 /home/steven/SKOS/src/build/keyboard.o
 *fill*         0xc000ff3e        0x2 
 .rodata        0xc000ff40       0xc0 /home/steven/SKOS/src/build/ioqueue.o
 .rodata        0xc0010000       0x27 /home/steven/SKOS/src/build/tss.o
 *fill*         0xc0010027        0x1 
 .rodata        0xc0010028       0xfc /home/steven/SKOS/src/build/process.o
 .rodata        0xc0010124       0x27 /home/steven/SKOS/src/build/syscall-init.o
 *fill*         0xc001014b        0x1 
 .rodata        0xc001014c      0x211 /home/steven/SKOS/src/build/ide.o
 *fill*         0xc001035d        0x3 
 .rodata        0xc0010360      0x8ee /home/steven/SKOS/src/build/fs.o
 *fill*         0xc0010c4e        0x2 
 .rodata        0xc0010c50      0x207 /home/steven/SKOS/src/build/dir.o
 *fill*         0xc0010e57        0x1 
 .rodata        0xc0010e58      0x4ea /home/steven/SKOS/src/build/file.o
 *fill*         0xc0011342        0x2 
 .rodata        0xc0011344       0xde /home/steven/SKOS/src/build/inode.o
 *fill*         0xc0011422        0x2 
 .rodata        0xc0011424      0x15d /home/steven/SKOS/src/build/fork.o
 *fill*         0xc0011581        0x3 
 .rodata        0xc0011584      0x390 /home/steven/SKOS/src/build/shell.o
 .rodata        0xc0011914       0x32 /home/steven/SKOS/src/build/assert.o
 *fill*         0xc0011946        0x2 
 .rodata        0xc0011948      0x446 /home/steven/SKOS/src/build/buildin_cmd.o
 *fill*         0xc0011d8e        0x2 
 .rodata        0xc0011d90       0x52 /home/steven/SKOS/src/build/exec.o
 *fill*         0xc0011de2        0x2 
 .rodata        0xc0011de4       0x5d /home/steven/SKOS/src/build/wait_exit.o

.rodata1
 *(.rodata1)

.eh_frame_hdr
 *(.eh_frame_hdr)
 *(.eh_frame_entry .eh_frame_entry.*)

.eh_frame       0xc0011e44     0x2448
 *(.eh_frame)
 .eh_frame      0xc0011e44       0x64 /home/steven/SKOS/src/build/main.o
 .eh_frame      0xc0011ea8       0x20 /home/steven/SKOS/src/build/init.o
                                 0x38 (size before relaxing)
 .eh_frame      0xc0011ec8      0x180 /home/steven/SKOS/src/build/interrupt.o
                                0x198 (size before relaxing)
 .eh_frame      0xc0012048      0x140 /home/steven/SKOS/src/build/timer.o
                                0x158 (size before relaxing)
 .eh_frame      0xc0012188       0x1c /home/steven/SKOS/src/build/debug.o
                                 0x34 (size before relaxing)
 .eh_frame      0xc00121a4      0x360 /home/steven/SKOS/src/build/memory.o
                                0x378 (size before relaxing)
 .eh_frame      0xc0012504       0x88 /home/steven/SKOS/src/build/bitmap.o
                                 0xa0 (size before relaxing)
 .eh_frame      0xc001258c      0x140 /home/steven/SKOS/src/build/string.o
                                0x158 (size before relaxing)
 .eh_frame      0xc00126cc      0x2c0 /home/steven/SKOS/src/build/thread.o
                                0x2d8 (size before relaxing)
 .eh_frame      0xc001298c      0x140 /home/steven/SKOS/src/build/list.o
                                0x158 (size before relaxing)
 .eh_frame      0xc0012acc       0xc8 /home/steven/SKOS/src/build/sync.o
                                 0xe0 (size before relaxing)
 .eh_frame      0xc0012b94       0xc0 /home/steven/SKOS/src/build/console.o
                                 0xd8 (size before relaxing)
 .eh_frame      0xc0012c54       0x60 /home/steven/SKOS/src/build/keyboard.o
                                 0x78 (size before relaxing)
 .eh_frame      0xc0012cb4      0x120 /home/steven/SKOS/src/build/ioqueue.o
                                0x138 (size before relaxing)
 .eh_frame      0xc0012dd4       0x64 /home/steven/SKOS/src/build/tss.o
                                 0x7c (size before relaxing)
 .eh_frame      0xc0012e38       0xc0 /home/steven/SKOS/src/build/process.o
                                 0xd8 (size before relaxing)
 .eh_frame      0xc0012ef8      0x420 /home/steven/SKOS/src/build/syscall.o
                                0x438 (size before relaxing)
 .eh_frame      0xc0013318       0x40 /home/steven/SKOS/src/build/syscall-init.o
                                 0x58 (size before relaxing)
 .eh_frame      0xc0013358       0xc8 /home/steven/SKOS/src/build/stdio.o
                                 0xe0 (size before relaxing)
 .eh_frame      0xc0013420       0x24 /home/steven/SKOS/src/build/stdio-kernel.o
                                 0x3c (size before relaxing)
 .eh_frame      0xc0013444      0x254 /home/steven/SKOS/src/build/ide.o
                                0x26c (size before relaxing)
 .eh_frame      0xc0013698      0x32c /home/steven/SKOS/src/build/fs.o
                                0x344 (size before relaxing)
 .eh_frame      0xc00139c4      0x14c /home/steven/SKOS/src/build/dir.o
                                0x164 (size before relaxing)
 .eh_frame      0xc0013b10      0x140 /home/steven/SKOS/src/build/file.o
                                0x158 (size before relaxing)
 .eh_frame      0xc0013c50       0xe4 /home/steven/SKOS/src/build/inode.o
                                 0xfc (size before relaxing)
 .eh_frame      0xc0013d34       0xe0 /home/steven/SKOS/src/build/fork.o
                                 0xf8 (size before relaxing)
 .eh_frame      0xc0013e14       0xdc /home/steven/SKOS/src/build/shell.o
                                 0xf4 (size before relaxing)
 .eh_frame      0xc0013ef0       0x1c /home/steven/SKOS/src/build/assert.o
                                 0x34 (size before relaxing)
 .eh_frame      0xc0013f0c      0x1bc /home/steven/SKOS/src/build/buildin_cmd.o
                                0x1d4 (size before relaxing)
 .eh_frame      0xc00140c8       0x60 /home/steven/SKOS/src/build/exec.o
                                 0x78 (size before relaxing)
 .eh_frame      0xc0014128       0xc0 /home/steven/SKOS/src/build/wait_exit.o
                                 0xd8 (size before relaxing)
 .eh_frame      0xc00141e8       0xa4 /home/steven/SKOS/src/build/pipe.o
                                 0xbc (size before relaxing)
 *(.eh_frame.*)

.sframe
 *(.sframe)
 *(.sframe.*)

.gcc_except_table
 *(.gcc_except_table .gcc_except_table.*)

.gnu_extab
 *(.gnu_extab*)

.exception_ranges
 *(.exception_ranges*)
                0xc0015000                        . = DATA_SEGMENT_ALIGN (CONSTANT (MAXPAGESIZE), CONSTANT (COMMONPAGESIZE))

.eh_frame
 *(.eh_frame)
 *(.eh_frame.*)

.sframe
 *(.sframe)
 *(.sframe.*)

.gnu_extab
 *(.gnu_extab)

.gcc_except_table
 *(.gcc_except_table .gcc_except_table.*)

.exception_ranges
 *(.exception_ranges*)

.tdata          0xc0015000        0x0
                [!provide]                        PROVIDE (__tdata_start = .)
 *(.tdata .tdata.* .gnu.linkonce.td.*)

.tbss
 *(.tbss .tbss.* .gnu.linkonce.tb.*)
 *(.tcommon)

.preinit_array  0xc0015000        0x0
                [!provide]                        PROVIDE (__preinit_array_start = .)
 *(.preinit_array)
                [!provide]                        PROVIDE (__preinit_array_end = .)

.init_array     0xc0015000        0x0
                [!provide]                        PROVIDE (__init_array_start = .)
 *(SORT_BY_INIT_PRIORITY(.init_array.*) SORT_BY_INIT_PRIORITY(.ctors.*))
 *(.init_array EXCLUDE_FILE(*crtend?.o *crtend.o *crtbegin?.o *crtbegin.o) .ctors)
                [!provide]                        PROVIDE (__init_array_end = .)

.fini_array     0xc0015000        0x0
                [!provide]                        PROVIDE (__fini_array_start = .)
 *(SORT_BY_INIT_PRIORITY(.fini_array.*) SORT_BY_INIT_PRIORITY(.dtors.*))
 *(.fini_array EXCLUDE_FILE(*crtend?.o *crtend.o *crtbegin?.o *crtbegin.o) .dtors)
                [!provide]                        PROVIDE (__fini_array_end = .)

.ctors
 *crtbegin.o(.ctors)
 *crtbegin?.o(.ctors)
 *(EXCLUDE_FILE(*crtend?.o *crtend.o) .ctors)
 *(SORT_BY_NAME(.ctors.*))
 *(.ctors)

.dtors
 *crtbegin.o(.dtors)
 *crtbegin?.o(.dtors)
 *(EXCLUDE_FILE(*crtend?.o *crtend.o) .dtors)
 *(SORT_BY_NAME(.dtors.*))
 *(.dtors)

.jcr
 *(.jcr)

.data.rel.ro
 *(.data.rel.ro.local* .gnu.linkonce.d.rel.ro.local.*)
 *(.data.rel.ro .data.rel.ro.* .gnu.linkonce.d.rel.ro.*)

.dynamic
 *(.dynamic)

.got            0xc0015000        0x0
 *(.got)
 .got           0xc0015000        0x0 /home/steven/SKOS/src/build/main.o
 *(.igot)
                0xc0015000                        . = DATA_SEGMENT_RELRO_END (., (SIZEOF (.got.plt) >= 0xc)?0xc:0x0)

.got.plt        0xc0015000        0x0
 *(.got.plt)
 .got.plt       0xc0015000        0x0 /home/steven/SKOS/src/build/main.o
 *(.igot.plt)
 .igot.plt      0xc0015000        0x0 /home/steven/SKOS/src/build/main.o

.data           0xc0015000      0x156
 *(.data .data.* .gnu.linkonce.d.*)
 .data          0xc0015000        0x0 /home/steven/SKOS/src/build/main.o
 .data          0xc0015000        0x0 /home/steven/SKOS/src/build/init.o
 .data          0xc0015000        0x0 /home/steven/SKOS/src/build/interrupt.o
 .data          0xc0015000        0x0 /home/steven/SKOS/src/build/timer.o
 .data          0xc0015000       0xc0 /home/steven/SKOS/src/build/kernel.o
                0xc0015000                intr_entry_table
 .data          0xc00150c0        0x8 /home/steven/SKOS/src/build/print.o
 .data          0xc00150c8        0x0 /home/steven/SKOS/src/build/debug.o
 .data          0xc00150c8        0x0 /home/steven/SKOS/src/build/memory.o
 .data          0xc00150c8        0x0 /home/steven/SKOS/src/build/bitmap.o
 .data          0xc00150c8        0x0 /home/steven/SKOS/src/build/string.o
 .data          0xc00150c8        0x0 /home/steven/SKOS/src/build/thread.o
 .data          0xc00150c8        0x0 /home/steven/SKOS/src/build/list.o
 .data          0xc00150c8        0x0 /home/steven/SKOS/src/build/sync.o
 .data          0xc00150c8        0x0 /home/steven/SKOS/src/build/console.o
 *fill*         0xc00150c8       0x18 
 .data          0xc00150e0       0x76 /home/steven/SKOS/src/build/keyboard.o
 .data          0xc0015156        0x0 /home/steven/SKOS/src/build/ioqueue.o
 .data          0xc0015156        0x0 /home/steven/SKOS/src/build/tss.o
 .data          0xc0015156        0x0 /home/steven/SKOS/src/build/process.o
 .data          0xc0015156        0x0 /home/steven/SKOS/src/build/syscall.o
 .data          0xc0015156        0x0 /home/steven/SKOS/src/build/syscall-init.o
 .data          0xc0015156        0x0 /home/steven/SKOS/src/build/stdio.o
 .data          0xc0015156        0x0 /home/steven/SKOS/src/build/stdio-kernel.o
 .data          0xc0015156        0x0 /home/steven/SKOS/src/build/ide.o
 .data          0xc0015156        0x0 /home/steven/SKOS/src/build/fs.o
 .data          0xc0015156        0x0 /home/steven/SKOS/src/build/dir.o
 .data          0xc0015156        0x0 /home/steven/SKOS/src/build/file.o
 .data          0xc0015156        0x0 /home/steven/SKOS/src/build/inode.o
 .data          0xc0015156        0x0 /home/steven/SKOS/src/build/fork.o
 .data          0xc0015156        0x0 /home/steven/SKOS/src/build/shell.o
 .data          0xc0015156        0x0 /home/steven/SKOS/src/build/assert.o
 .data          0xc0015156        0x0 /home/steven/SKOS/src/build/buildin_cmd.o
 .data          0xc0015156        0x0 /home/steven/SKOS/src/build/exec.o
 .data          0xc0015156        0x0 /home/steven/SKOS/src/build/wait_exit.o
 .data          0xc0015156        0x0 /home/steven/SKOS/src/build/pipe.o

.data1
 *(.data1)
                0xc0015156                        _edata = .
                [!provide]                        PROVIDE (edata = .)
                0xc0015156                        . = .
                0xc0015156                        __bss_start = .

.bss            0xc0015160     0x3ea0
 *(.dynbss)
 *(.bss .bss.* .gnu.linkonce.b.*)
 .bss           0xc0015160        0x0 /home/steven/SKOS/src/build/main.o
 .bss           0xc0015160        0x0 /home/steven/SKOS/src/build/init.o
 .bss           0xc0015160      0x848 /home/steven/SKOS/src/build/interrupt.o
                0xc0015160                intr_name
                0xc0015380                idt_table
 .bss           0xc00159a8        0xa /home/steven/SKOS/src/build/timer.o
                0xc00159a8                ticks
                0xc00159ac                time
 .bss           0xc00159b2        0x0 /home/steven/SKOS/src/build/debug.o
 *fill*         0xc00159b2        0xe 
 .bss           0xc00159c0     0x1fb8 /home/steven/SKOS/src/build/memory.o
                0xc00159c0                kernel_pool
                0xc0015a00                user_pool
                0xc0015a2c                kernel_vaddr
                0xc0015a40                k_block_descs
                0xc0015b00                mem
 .bss           0xc0017978        0x0 /home/steven/SKOS/src/build/bitmap.o
 .bss           0xc0017978        0x0 /home/steven/SKOS/src/build/string.o
 *fill*         0xc0017978        0x8 
 .bss           0xc0017980       0xd4 /home/steven/SKOS/src/build/thread.o
                0xc0017980                pid_bitmap_bits
                0xc0017a00                pid_pool
                0xc0017a28                main_thread
                0xc0017a2c                idle_thread
                0xc0017a30                thread_ready_list
                0xc0017a40                thread_all_list
 .bss           0xc0017a54        0x0 /home/steven/SKOS/src/build/list.o
 .bss           0xc0017a54        0x0 /home/steven/SKOS/src/build/sync.o
 .bss           0xc0017a54       0x1c /home/steven/SKOS/src/build/console.o
 *fill*         0xc0017a70       0x10 
 .bss           0xc0017a80       0x80 /home/steven/SKOS/src/build/keyboard.o
                0xc0017a80                kbd_buf
 .bss           0xc0017b00        0x0 /home/steven/SKOS/src/build/ioqueue.o
 .bss           0xc0017b00       0x6c /home/steven/SKOS/src/build/tss.o
 .bss           0xc0017b6c        0x0 /home/steven/SKOS/src/build/process.o
 .bss           0xc0017b6c        0x0 /home/steven/SKOS/src/build/syscall.o
 *fill*         0xc0017b6c       0x14 
 .bss           0xc0017b80       0x80 /home/steven/SKOS/src/build/syscall-init.o
                0xc0017b80                syscall_table
 .bss           0xc0017c00       0x40 /home/steven/SKOS/src/build/stdio.o
                0xc0017c00                cmd_line
 .bss           0xc0017c40        0x0 /home/steven/SKOS/src/build/stdio-kernel.o
 .bss           0xc0017c40      0xce0 /home/steven/SKOS/src/build/ide.o
                0xc0017c40                ext_lba_base
                0xc0017c44                p_no
                0xc0017c45                l_no
                0xc0017c48                partition_list
                0xc0017c58                channel_cnt
                0xc0017c60                channels
 .bss           0xc0018920        0x4 /home/steven/SKOS/src/build/fs.o
                0xc0018920                cur_part
 *fill*         0xc0018924       0x1c 
 .bss           0xc0018940      0x208 /home/steven/SKOS/src/build/dir.o
                0xc0018940                root_dir
 *fill*         0xc0018b48       0x18 
 .bss           0xc0018b60      0x180 /home/steven/SKOS/src/build/file.o
                0xc0018b60                file_table
 .bss           0xc0018ce0        0x0 /home/steven/SKOS/src/build/inode.o
 .bss           0xc0018ce0        0x0 /home/steven/SKOS/src/build/fork.o
 .bss           0xc0018ce0      0x320 /home/steven/SKOS/src/build/shell.o
                0xc0018ce0                final_path
                0xc0018ee0                cwd_cache
                0xc0018f20                argc
                0xc0018f40                argv
 .bss           0xc0019000        0x0 /home/steven/SKOS/src/build/assert.o
 .bss           0xc0019000        0x0 /home/steven/SKOS/src/build/buildin_cmd.o
 .bss           0xc0019000        0x0 /home/steven/SKOS/src/build/exec.o
 .bss           0xc0019000        0x0 /home/steven/SKOS/src/build/wait_exit.o
 .bss           0xc0019000        0x0 /home/steven/SKOS/src/build/pipe.o
 *(COMMON)
                0xc0019000                        . = ALIGN ((. != 0x0)?0x4:0x1)
                0xc0019000                        . = ALIGN (0x4)
                0xc0019000                        . = SEGMENT_START ("ldata-segment", .)
                0xc0019000                        . = ALIGN (0x4)
                0xc0019000                        _end = .
                [!provide]                        PROVIDE (end = .)
                0xc0019000                        . = DATA_SEGMENT_END (.)

.stab
 *(.stab)

.stabstr
 *(.stabstr)

.stab.excl
 *(.stab.excl)

.stab.exclstr
 *(.stab.exclstr)

.stab.index
 *(.stab.index)

.stab.indexstr
 *(.stab.indexstr)

.comment        0x00000000       0x1b
 *(.comment)
 .comment       0x00000000       0x1b /home/steven/SKOS/src/build/main.o
                                 0x1c (size before relaxing)
 .comment       0x0000001b       0x1c /home/steven/SKOS/src/build/init.o
 .comment       0x0000001b       0x1c /home/steven/SKOS/src/build/interrupt.o
 .comment       0x0000001b       0x1c /home/steven/SKOS/src/build/timer.o
 .comment       0x0000001b       0x1c /home/steven/SKOS/src/build/debug.o
 .comment       0x0000001b       0x1c /home/steven/SKOS/src/build/memory.o
 .comment       0x0000001b       0x1c /home/steven/SKOS/src/build/bitmap.o
 .comment       0x0000001b       0x1c /home/steven/SKOS/src/build/string.o
 .comment       0x0000001b       0x1c /home/steven/SKOS/src/build/thread.o
 .comment       0x0000001b       0x1c /home/steven/SKOS/src/build/list.o
 .comment       0x0000001b       0x1c /home/steven/SKOS/src/build/sync.o
 .comment       0x0000001b       0x1c /home/steven/SKOS/src/build/console.o
 .comment       0x0000001b       0x1c /home/steven/SKOS/src/build/keyboard.o
 .comment       0x0000001b       0x1c /home/steven/SKOS/src/build/ioqueue.o
 .comment       0x0000001b       0x1c /home/steven/SKOS/src/build/tss.o
 .comment       0x0000001b       0x1c /home/steven/SKOS/src/build/process.o
 .comment       0x0000001b       0x1c /home/steven/SKOS/src/build/syscall.o
 .comment       0x0000001b       0x1c /home/steven/SKOS/src/build/syscall-init.o
 .comment       0x0000001b       0x1c /home/steven/SKOS/src/build/stdio.o
 .comment       0x0000001b       0x1c /home/steven/SKOS/src/build/stdio-kernel.o
 .comment       0x0000001b       0x1c /home/steven/SKOS/src/build/ide.o
 .comment       0x0000001b       0x1c /home/steven/SKOS/src/build/fs.o
 .comment       0x0000001b       0x1c /home/steven/SKOS/src/build/dir.o
 .comment       0x0000001b       0x1c /home/steven/SKOS/src/build/file.o
 .comment       0x0000001b       0x1c /home/steven/SKOS/src/build/inode.o
 .comment       0x0000001b       0x1c /home/steven/SKOS/src/build/fork.o
 .comment       0x0000001b       0x1c /home/steven/SKOS/src/build/shell.o
 .comment       0x0000001b       0x1c /home/steven/SKOS/src/build/assert.o
 .comment       0x0000001b       0x1c /home/steven/SKOS/src/build/buildin_cmd.o
 .comment       0x0000001b       0x1c /home/steven/SKOS/src/build/exec.o
 .comment       0x0000001b       0x1c /home/steven/SKOS/src/build/wait_exit.o
 .comment       0x0000001b       0x1c /home/steven/SKOS/src/build/pipe.o

.gnu.build.attributes
 *(.gnu.build.attributes .gnu.build.attributes.*)

.debug
 *(.debug)

.line
 *(.line)

.debug_srcinfo
 *(.debug_srcinfo)

.debug_sfnames
 *(.debug_sfnames)

.debug_aranges  0x00000000      0x460
 *(.debug_aranges)
 .debug_aranges
                0x00000000       0x20 /home/steven/SKOS/src/build/main.o
 .debug_aranges
                0x00000020       0x20 /home/steven/SKOS/src/build/init.o
 .debug_aranges
                0x00000040       0x20 /home/steven/SKOS/src/build/interrupt.o
 .debug_aranges
                0x00000060       0x20 /home/steven/SKOS/src/build/timer.o
 .debug_aranges
                0x00000080       0x20 /home/steven/SKOS/src/build/kernel.o
 .debug_aranges
                0x000000a0       0x20 /home/steven/SKOS/src/build/print.o
 .debug_aranges
                0x000000c0       0x20 /home/steven/SKOS/src/build/debug.o
 .debug_aranges
                0x000000e0       0x20 /home/steven/SKOS/src/build/memory.o
 .debug_aranges
                0x00000100       0x20 /home/steven/SKOS/src/build/bitmap.o
 .debug_aranges
                0x00000120       0x20 /home/steven/SKOS/src/build/string.o
 .debug_aranges
                0x00000140       0x20 /home/steven/SKOS/src/build/thread.o
 .debug_aranges
                0x00000160       0x20 /home/steven/SKOS/src/build/list.o
 .debug_aranges
                0x00000180       0x20 /home/steven/SKOS/src/build/switch_to.o
 .debug_aranges
                0x000001a0       0x20 /home/steven/SKOS/src/build/sync.o
 .debug_aranges
                0x000001c0       0x20 /home/steven/SKOS/src/build/console.o
 .debug_aranges
                0x000001e0       0x20 /home/steven/SKOS/src/build/keyboard.o
 .debug_aranges
                0x00000200       0x20 /home/steven/SKOS/src/build/ioqueue.o
 .debug_aranges
                0x00000220       0x20 /home/steven/SKOS/src/build/tss.o
 .debug_aranges
                0x00000240       0x20 /home/steven/SKOS/src/build/process.o
 .debug_aranges
                0x00000260       0x20 /home/steven/SKOS/src/build/syscall.o
 .debug_aranges
                0x00000280       0x20 /home/steven/SKOS/src/build/syscall-init.o
 .debug_aranges
                0x000002a0       0x20 /home/steven/SKOS/src/build/stdio.o
 .debug_aranges
                0x000002c0       0x20 /home/steven/SKOS/src/build/stdio-kernel.o
 .debug_aranges
                0x000002e0       0x20 /home/steven/SKOS/src/build/ide.o
 .debug_aranges
                0x00000300       0x20 /home/steven/SKOS/src/build/fs.o
 .debug_aranges
                0x00000320       0x20 /home/steven/SKOS/src/build/dir.o
 .debug_aranges
                0x00000340       0x20 /home/steven/SKOS/src/build/file.o
 .debug_aranges
                0x00000360       0x20 /home/steven/SKOS/src/build/inode.o
 .debug_aranges
                0x00000380       0x20 /home/steven/SKOS/src/build/fork.o
 .debug_aranges
                0x000003a0       0x20 /home/steven/SKOS/src/build/shell.o
 .debug_aranges
                0x000003c0       0x20 /home/steven/SKOS/src/build/assert.o
 .debug_aranges
                0x000003e0       0x20 /home/steven/SKOS/src/build/buildin_cmd.o
 .debug_aranges
                0x00000400       0x20 /home/steven/SKOS/src/build/exec.o
 .debug_aranges
                0x00000420       0x20 /home/steven/SKOS/src/build/wait_exit.o
 .debug_aranges
                0x00000440       0x20 /home/steven/SKOS/src/build/pipe.o

.debug_pubnames
                0x00000000        0x0
 *(.debug_pubnames)
 .debug_pubnames
                0x00000000        0x0 /home/steven/SKOS/src/build/kernel.o
 .debug_pubnames
                0x00000000        0x0 /home/steven/SKOS/src/build/print.o
 .debug_pubnames
                0x00000000        0x0 /home/steven/SKOS/src/build/switch_to.o

.debug_info     0x00000000     0xfc99
 *(.debug_info .gnu.linkonce.wi.*)
 .debug_info    0x00000000      0x415 /home/steven/SKOS/src/build/main.o
 .debug_info    0x00000415      0x101 /home/steven/SKOS/src/build/init.o
 .debug_info    0x00000516      0x3ef /home/steven/SKOS/src/build/interrupt.o
 .debug_info    0x00000905      0x633 /home/steven/SKOS/src/build/timer.o
 .debug_info    0x00000f38       0x75 /home/steven/SKOS/src/build/kernel.o
 .debug_info    0x00000fad       0x6e /home/steven/SKOS/src/build/print.o
 .debug_info    0x0000101b      0x11b /home/steven/SKOS/src/build/debug.o
 .debug_info    0x00001136     0x11f9 /home/steven/SKOS/src/build/memory.o
 .debug_info    0x0000232f      0x2b5 /home/steven/SKOS/src/build/bitmap.o
 .debug_info    0x000025e4      0x443 /home/steven/SKOS/src/build/string.o
 .debug_info    0x00002a27      0xda5 /home/steven/SKOS/src/build/thread.o
 .debug_info    0x000037cc      0x376 /home/steven/SKOS/src/build/list.o
 .debug_info    0x00003b42       0x78 /home/steven/SKOS/src/build/switch_to.o
 .debug_info    0x00003bba      0x5e2 /home/steven/SKOS/src/build/sync.o
 .debug_info    0x0000419c      0x45c /home/steven/SKOS/src/build/console.o
 .debug_info    0x000045f8      0x5bc /home/steven/SKOS/src/build/keyboard.o
 .debug_info    0x00004bb4      0x69e /home/steven/SKOS/src/build/ioqueue.o
 .debug_info    0x00005252      0x5d5 /home/steven/SKOS/src/build/tss.o
 .debug_info    0x00005827      0x763 /home/steven/SKOS/src/build/process.o
 .debug_info    0x00005f8a      0x97d /home/steven/SKOS/src/build/syscall.o
 .debug_info    0x00006907      0x711 /home/steven/SKOS/src/build/syscall-init.o
 .debug_info    0x00007018      0x36d /home/steven/SKOS/src/build/stdio.o
 .debug_info    0x00007385      0x112 /home/steven/SKOS/src/build/stdio-kernel.o
 .debug_info    0x00007497      0xee0 /home/steven/SKOS/src/build/ide.o
 .debug_info    0x00008377     0x1bcf /home/steven/SKOS/src/build/fs.o
 .debug_info    0x00009f46      0xe99 /home/steven/SKOS/src/build/dir.o
 .debug_info    0x0000addf      0xf78 /home/steven/SKOS/src/build/file.o
 .debug_info    0x0000bd57      0xba5 /home/steven/SKOS/src/build/inode.o
 .debug_info    0x0000c8fc      0x97d /home/steven/SKOS/src/build/fork.o
 .debug_info    0x0000d279      0x6fe /home/steven/SKOS/src/build/shell.o
 .debug_info    0x0000d977       0xdf /home/steven/SKOS/src/build/assert.o
 .debug_info    0x0000da56      0x9a3 /home/steven/SKOS/src/build/buildin_cmd.o
 .debug_info    0x0000e3f9      0x96f /home/steven/SKOS/src/build/exec.o
 .debug_info    0x0000ed68      0x7f7 /home/steven/SKOS/src/build/wait_exit.o
 .debug_info    0x0000f55f      0x73a /home/steven/SKOS/src/build/pipe.o

.debug_abbrev   0x00000000     0x3c2a
 *(.debug_abbrev)
 .debug_abbrev  0x00000000      0x191 /home/steven/SKOS/src/build/main.o
 .debug_abbrev  0x00000191       0xaf /home/steven/SKOS/src/build/init.o
 .debug_abbrev  0x00000240      0x220 /home/steven/SKOS/src/build/interrupt.o
 .debug_abbrev  0x00000460      0x218 /home/steven/SKOS/src/build/timer.o
 .debug_abbrev  0x00000678       0x1d /home/steven/SKOS/src/build/kernel.o
 .debug_abbrev  0x00000695       0x1d /home/steven/SKOS/src/build/print.o
 .debug_abbrev  0x000006b2       0xc8 /home/steven/SKOS/src/build/debug.o
 .debug_abbrev  0x0000077a      0x378 /home/steven/SKOS/src/build/memory.o
 .debug_abbrev  0x00000af2      0x154 /home/steven/SKOS/src/build/bitmap.o
 .debug_abbrev  0x00000c46      0x12c /home/steven/SKOS/src/build/string.o
 .debug_abbrev  0x00000d72      0x3c0 /home/steven/SKOS/src/build/thread.o
 .debug_abbrev  0x00001132      0x16c /home/steven/SKOS/src/build/list.o
 .debug_abbrev  0x0000129e       0x1d /home/steven/SKOS/src/build/switch_to.o
 .debug_abbrev  0x000012bb      0x18d /home/steven/SKOS/src/build/sync.o
 .debug_abbrev  0x00001448      0x153 /home/steven/SKOS/src/build/console.o
 .debug_abbrev  0x0000159b      0x195 /home/steven/SKOS/src/build/keyboard.o
 .debug_abbrev  0x00001730      0x21a /home/steven/SKOS/src/build/ioqueue.o
 .debug_abbrev  0x0000194a      0x18e /home/steven/SKOS/src/build/tss.o
 .debug_abbrev  0x00001ad8      0x1cb /home/steven/SKOS/src/build/process.o
 .debug_abbrev  0x00001ca3      0x15d /home/steven/SKOS/src/build/syscall.o
 .debug_abbrev  0x00001e00      0x1af /home/steven/SKOS/src/build/syscall-init.o
 .debug_abbrev  0x00001faf      0x15b /home/steven/SKOS/src/build/stdio.o
 .debug_abbrev  0x0000210a       0xe0 /home/steven/SKOS/src/build/stdio-kernel.o
 .debug_abbrev  0x000021ea      0x2fd /home/steven/SKOS/src/build/ide.o
 .debug_abbrev  0x000024e7      0x2f2 /home/steven/SKOS/src/build/fs.o
 .debug_abbrev  0x000027d9      0x27c /home/steven/SKOS/src/build/dir.o
 .debug_abbrev  0x00002a55      0x280 /home/steven/SKOS/src/build/file.o
 .debug_abbrev  0x00002cd5      0x211 /home/steven/SKOS/src/build/inode.o
 .debug_abbrev  0x00002ee6      0x20a /home/steven/SKOS/src/build/fork.o
 .debug_abbrev  0x000030f0      0x26b /home/steven/SKOS/src/build/shell.o
 .debug_abbrev  0x0000335b       0x99 /home/steven/SKOS/src/build/assert.o
 .debug_abbrev  0x000033f4      0x257 /home/steven/SKOS/src/build/buildin_cmd.o
 .debug_abbrev  0x0000364b      0x20f /home/steven/SKOS/src/build/exec.o
 .debug_abbrev  0x0000385a      0x20c /home/steven/SKOS/src/build/wait_exit.o
 .debug_abbrev  0x00003a66      0x1c4 /home/steven/SKOS/src/build/pipe.o

.debug_line     0x00000000     0x5a31
 *(.debug_line .debug_line.* .debug_line_end)
 .debug_line    0x00000000       0xd1 /home/steven/SKOS/src/build/main.o
 .debug_line    0x000000d1       0xa7 /home/steven/SKOS/src/build/init.o
 .debug_line    0x00000178      0x1b7 /home/steven/SKOS/src/build/interrupt.o
 .debug_line    0x0000032f      0x213 /home/steven/SKOS/src/build/timer.o
 .debug_line    0x00000542      0x384 /home/steven/SKOS/src/build/kernel.o
 .debug_line    0x000008c6       0xf7 /home/steven/SKOS/src/build/print.o
 .debug_line    0x000009bd       0xa7 /home/steven/SKOS/src/build/debug.o
 .debug_line    0x00000a64      0x818 /home/steven/SKOS/src/build/memory.o
 .debug_line    0x0000127c      0x179 /home/steven/SKOS/src/build/bitmap.o
 .debug_line    0x000013f5      0x29c /home/steven/SKOS/src/build/string.o
 .debug_line    0x00001691      0x40c /home/steven/SKOS/src/build/thread.o
 .debug_line    0x00001a9d      0x14a /home/steven/SKOS/src/build/list.o
 .debug_line    0x00001be7       0x62 /home/steven/SKOS/src/build/switch_to.o
 .debug_line    0x00001c49      0x198 /home/steven/SKOS/src/build/sync.o
 .debug_line    0x00001de1       0xb1 /home/steven/SKOS/src/build/console.o
 .debug_line    0x00001e92      0x1e9 /home/steven/SKOS/src/build/keyboard.o
 .debug_line    0x0000207b      0x1b7 /home/steven/SKOS/src/build/ioqueue.o
 .debug_line    0x00002232       0xe9 /home/steven/SKOS/src/build/tss.o
 .debug_line    0x0000231b      0x1b1 /home/steven/SKOS/src/build/process.o
 .debug_line    0x000024cc      0x143 /home/steven/SKOS/src/build/syscall.o
 .debug_line    0x0000260f      0x115 /home/steven/SKOS/src/build/syscall-init.o
 .debug_line    0x00002724      0x1a5 /home/steven/SKOS/src/build/stdio.o
 .debug_line    0x000028c9       0x6d /home/steven/SKOS/src/build/stdio-kernel.o
 .debug_line    0x00002936      0x4f9 /home/steven/SKOS/src/build/ide.o
 .debug_line    0x00002e2f      0xc14 /home/steven/SKOS/src/build/fs.o
 .debug_line    0x00003a43      0x594 /home/steven/SKOS/src/build/dir.o
 .debug_line    0x00003fd7      0x6e2 /home/steven/SKOS/src/build/file.o
 .debug_line    0x000046b9      0x2be /home/steven/SKOS/src/build/inode.o
 .debug_line    0x00004977      0x297 /home/steven/SKOS/src/build/fork.o
 .debug_line    0x00004c0e      0x3d8 /home/steven/SKOS/src/build/shell.o
 .debug_line    0x00004fe6       0x5a /home/steven/SKOS/src/build/assert.o
 .debug_line    0x00005040      0x479 /home/steven/SKOS/src/build/buildin_cmd.o
 .debug_line    0x000054b9      0x1f8 /home/steven/SKOS/src/build/exec.o
 .debug_line    0x000056b1      0x21e /home/steven/SKOS/src/build/wait_exit.o
 .debug_line    0x000058cf      0x162 /home/steven/SKOS/src/build/pipe.o

.debug_frame    0x00000000        0x0
 *(.debug_frame)
 .debug_frame   0x00000000        0x0 /home/steven/SKOS/src/build/kernel.o
 .debug_frame   0x00000000        0x0 /home/steven/SKOS/src/build/print.o
 .debug_frame   0x00000000        0x0 /home/steven/SKOS/src/build/switch_to.o

.debug_str      0x00000000     0x25dc
 *(.debug_str)
 .debug_str     0x00000000      0x29f /home/steven/SKOS/src/build/main.o
                                0x31f (size before relaxing)
 .debug_str     0x0000029f       0x99 /home/steven/SKOS/src/build/init.o
                                0x173 (size before relaxing)
 .debug_str     0x00000338      0x1a8 /home/steven/SKOS/src/build/interrupt.o
                                0x2e6 (size before relaxing)
 .debug_str     0x000004e0      0x114 /home/steven/SKOS/src/build/timer.o
                                0x422 (size before relaxing)
 .debug_str     0x000005f4       0x13 /home/steven/SKOS/src/build/debug.o
                                0x134 (size before relaxing)
 .debug_str     0x00000607      0x485 /home/steven/SKOS/src/build/memory.o
                                0x83c (size before relaxing)
 .debug_str     0x00000a8c       0x45 /home/steven/SKOS/src/build/bitmap.o
                                0x1af (size before relaxing)
 .debug_str     0x00000ad1       0x55 /home/steven/SKOS/src/build/string.o
                                0x162 (size before relaxing)
 .debug_str     0x00000b26      0x235 /home/steven/SKOS/src/build/thread.o
                                0x6fd (size before relaxing)
 .debug_str     0x00000d5b       0x3e /home/steven/SKOS/src/build/list.o
                                0x201 (size before relaxing)
 .debug_str     0x00000d99       0x37 /home/steven/SKOS/src/build/sync.o
                                0x3e2 (size before relaxing)
 .debug_str     0x00000dd0       0x68 /home/steven/SKOS/src/build/console.o
                                0x381 (size before relaxing)
 .debug_str     0x00000e38       0xf5 /home/steven/SKOS/src/build/keyboard.o
                                0x41a (size before relaxing)
 .debug_str     0x00000f2d       0x41 /home/steven/SKOS/src/build/ioqueue.o
                                0x3e1 (size before relaxing)
 .debug_str     0x00000f6e       0xd2 /home/steven/SKOS/src/build/tss.o
                                0x3c3 (size before relaxing)
 .debug_str     0x00001040       0xc8 /home/steven/SKOS/src/build/process.o
                                0x4ff (size before relaxing)
 .debug_str     0x00001108      0x1cf /home/steven/SKOS/src/build/syscall.o
                                0x3b8 (size before relaxing)
 .debug_str     0x000012d7       0xfe /home/steven/SKOS/src/build/syscall-init.o
                                0x5b4 (size before relaxing)
 .debug_str     0x000013d5       0x67 /home/steven/SKOS/src/build/stdio.o
                                0x1c5 (size before relaxing)
 .debug_str     0x0000143c      0x106 /home/steven/SKOS/src/build/stdio-kernel.o
 .debug_str     0x0000143c      0x2bd /home/steven/SKOS/src/build/ide.o
                                0x6c1 (size before relaxing)
 .debug_str     0x000016f9      0x62d /home/steven/SKOS/src/build/fs.o
                                0xd12 (size before relaxing)
 .debug_str     0x00001d26       0xd9 /home/steven/SKOS/src/build/dir.o
                                0x7da (size before relaxing)
 .debug_str     0x00001dff      0x15d /home/steven/SKOS/src/build/file.o
                                0x8ff (size before relaxing)
 .debug_str     0x00001f5c       0xb4 /home/steven/SKOS/src/build/inode.o
                                0x6e0 (size before relaxing)
 .debug_str     0x00002010      0x12a /home/steven/SKOS/src/build/fork.o
                                0x60a (size before relaxing)
 .debug_str     0x0000213a      0x117 /home/steven/SKOS/src/build/shell.o
                                0x34e (size before relaxing)
 .debug_str     0x00002251      0x100 /home/steven/SKOS/src/build/assert.o
 .debug_str     0x00002251       0x80 /home/steven/SKOS/src/build/buildin_cmd.o
                                0x415 (size before relaxing)
 .debug_str     0x000022d1      0x1e1 /home/steven/SKOS/src/build/exec.o
                                0x60a (size before relaxing)
 .debug_str     0x000024b2       0xf0 /home/steven/SKOS/src/build/wait_exit.o
                                0x547 (size before relaxing)
 .debug_str     0x000025a2       0x3a /home/steven/SKOS/src/build/pipe.o
                                0x49c (size before relaxing)

.debug_loc      0x00000000        0x0
 *(.debug_loc)
 .debug_loc     0x00000000        0x0 /home/steven/SKOS/src/build/kernel.o
 .debug_loc     0x00000000        0x0 /home/steven/SKOS/src/build/print.o
 .debug_loc     0x00000000        0x0 /home/steven/SKOS/src/build/switch_to.o

.debug_macinfo
 *(.debug_macinfo)

.debug_weaknames
 *(.debug_weaknames)

.debug_funcnames
 *(.debug_funcnames)

.debug_typenames
 *(.debug_typenames)

.debug_varnames
 *(.debug_varnames)

.debug_pubtypes
 *(.debug_pubtypes)

.debug_ranges
 *(.debug_ranges)

.debug_addr
 *(.debug_addr)

.debug_line_str
                0x00000000      0x6e5
 *(.debug_line_str)
 .debug_line_str
                0x00000000      0x100 /home/steven/SKOS/src/build/main.o
                                0x12b (size before relaxing)
 .debug_line_str
                0x00000100       0xc2 /home/steven/SKOS/src/build/init.o
                                0x16a (size before relaxing)
 .debug_line_str
                0x000001c2       0x3b /home/steven/SKOS/src/build/interrupt.o
                                 0xbe (size before relaxing)
 .debug_line_str
                0x000001fd       0x3c /home/steven/SKOS/src/build/timer.o
                                0x135 (size before relaxing)
 .debug_line_str
                0x00000239       0x25 /home/steven/SKOS/src/build/debug.o
                                 0xb5 (size before relaxing)
 .debug_line_str
                0x0000025e       0x40 /home/steven/SKOS/src/build/memory.o
                                0x147 (size before relaxing)
 .debug_line_str
                0x0000029e       0x23 /home/steven/SKOS/src/build/bitmap.o
                                 0xbb (size before relaxing)
 .debug_line_str
                0x000002c1       0x23 /home/steven/SKOS/src/build/string.o
                                 0x8d (size before relaxing)
 .debug_line_str
                0x000002e4       0x2d /home/steven/SKOS/src/build/thread.o
                                0x165 (size before relaxing)
 .debug_line_str
                0x00000311       0x21 /home/steven/SKOS/src/build/list.o
                                 0xae (size before relaxing)
 .debug_line_str
                0x00000332       0x24 /home/steven/SKOS/src/build/sync.o
                                 0xf8 (size before relaxing)
 .debug_line_str
                0x00000356       0x27 /home/steven/SKOS/src/build/console.o
                                0x112 (size before relaxing)
 .debug_line_str
                0x0000037d       0x32 /home/steven/SKOS/src/build/keyboard.o
                                0x130 (size before relaxing)
 .debug_line_str
                0x000003af       0x27 /home/steven/SKOS/src/build/ioqueue.o
                                0x128 (size before relaxing)
 .debug_line_str
                0x000003d6       0x2e /home/steven/SKOS/src/build/tss.o
                                0x115 (size before relaxing)
 .debug_line_str
                0x00000404       0x29 /home/steven/SKOS/src/build/process.o
                                0x149 (size before relaxing)
 .debug_line_str
                0x0000042d       0x24 /home/steven/SKOS/src/build/syscall.o
                                 0xaf (size before relaxing)
 .debug_line_str
                0x00000451       0x4f /home/steven/SKOS/src/build/syscall-init.o
                                0x1ba (size before relaxing)
 .debug_line_str
                0x000004a0       0x22 /home/steven/SKOS/src/build/stdio.o
                                 0xbc (size before relaxing)
 .debug_line_str
                0x000004c2       0x4d /home/steven/SKOS/src/build/stdio-kernel.o
                                 0xcc (size before relaxing)
 .debug_line_str
                0x0000050f       0x23 /home/steven/SKOS/src/build/ide.o
                                0x145 (size before relaxing)
 .debug_line_str
                0x00000532       0x3a /home/steven/SKOS/src/build/fs.o
                                0x195 (size before relaxing)
 .debug_line_str
                0x0000056c       0x1f /home/steven/SKOS/src/build/dir.o
                                0x161 (size before relaxing)
 .debug_line_str
                0x0000058b       0x20 /home/steven/SKOS/src/build/file.o
                                0x170 (size before relaxing)
 .debug_line_str
                0x000005ab       0x21 /home/steven/SKOS/src/build/inode.o
                                0x15e (size before relaxing)
 .debug_line_str
                0x000005cc       0x26 /home/steven/SKOS/src/build/fork.o
                                0x170 (size before relaxing)
 .debug_line_str
                0x000005f2       0x32 /home/steven/SKOS/src/build/shell.o
                                0x11b (size before relaxing)
 .debug_line_str
                0x00000624       0x23 /home/steven/SKOS/src/build/assert.o
                                 0x8c (size before relaxing)
 .debug_line_str
                0x00000647       0x2a /home/steven/SKOS/src/build/buildin_cmd.o
                                0x108 (size before relaxing)
 .debug_line_str
                0x00000671       0x26 /home/steven/SKOS/src/build/exec.o
                                0x134 (size before relaxing)
 .debug_line_str
                0x00000697       0x2b /home/steven/SKOS/src/build/wait_exit.o
                                0x165 (size before relaxing)
 .debug_line_str
                0x000006c2       0x23 /home/steven/SKOS/src/build/pipe.o
                                0x153 (size before relaxing)

.debug_loclists
 *(.debug_loclists)

.debug_macro
 *(.debug_macro)

.debug_names
 *(.debug_names)

.debug_rnglists
                0x00000000       0x55
 *(.debug_rnglists)
 .debug_rnglists
                0x00000000       0x22 /home/steven/SKOS/src/build/keyboard.o
 .debug_rnglists
                0x00000022       0x1c /home/steven/SKOS/src/build/dir.o
 .debug_rnglists
                0x0000003e       0x17 /home/steven/SKOS/src/build/shell.o

.debug_str_offsets
 *(.debug_str_offsets)

.debug_sup
 *(.debug_sup)

.gnu.attributes
 *(.gnu.attributes)

/DISCARD/
 *(.note.GNU-stack)
 *(.gnu_debuglink)
 *(.gnu.lto_*)
OUTPUT(/home/steven/SKOS/src/build/kernel.bin elf32-i386)
